RAM Allocation [bytes]
Variable                                                                          Address   Size
------------------------------------------------------------------------------------------------
glcd_state                                                                        0x09CD      29
name_week_day                                                                     0x09EA      16
name_day                                                                          0x09FA      64
name_month                                                                        0x0A3A      26
name_year                                                                         0x0A54      32
name_second                                                                       0x0A74     120
name_minute                                                                       0x0AEC     120
name_hour                                                                         0x0B64      48
name_relay                                                                        0x0B94      14
milisec                                                                           0x0BA2       4
dem                                                                               0x0BA6       4
year                                                                              0x0BAA       1
hour                                                                              0x0BAB       1
minute                                                                            0x0BAC       1
second                                                                            0x0BAD       1
Address1                                                                          0x0BAE       1
Address2                                                                          0x0BAF       1
Address3                                                                          0x0BB0       1
Address4                                                                          0x0BB1       1
station_receive                                                                   0x0BB2      12
phone_number                                                                      0x0BBE      13
sim                                                                               0x0BCB       1
money_code                                                                        0x0BCC      20
money                                                                             0x0BE0      10
is_get_money                                                                      0x0BEA       1
ahi                                                                               0x0BEB      91
p4                                                                                0x0C46       2
p3                                                                                0x0C48       2
p2                                                                                0x0C4A       2
p1                                                                                0x0C4C       2
buffer_index                                                                      0x0C4E       2
receive_buffer                                                                    0x0C50     500
rx_buffer1                                                                        0x0E44      64
rx_wr_index1                                                                      0x0E84       1
rx_rd_index1                                                                      0x0E85       1
rx_counter1                                                                       0x0E86       1
tx_buffer1                                                                        0x0E87      64
tx_wr_index1                                                                      0x0EC7       1
tx_rd_index1                                                                      0x0EC8       1
tx_counter1                                                                       0x0EC9       1
gfx_addr                                                                          0x0ECA       2
gfx_buffer                                                                        0x0ECC     504
_seed                                                                             0x10C4       4

EEPROM Allocation [bytes]
Variable                                                                          Address   Size
------------------------------------------------------------------------------------------------
node                                                                              0x0000     240

Register Allocation
Variable                                                                          Register  Size
------------------------------------------------------------------------------------------------
blink                                                                             R5           1
is_show_clock                                                                     R4           1
is_sim_init_ok                                                                    R7           1
x                                                                                 R8,R9        2
y                                                                                 R10,R11      2
week_day                                                                          R6           1
day                                                                               R13          1
month                                                                             R12          1
rx_buffer_overflow1                                                               R2.0      1bit

FLASH Allocation [words]
Function                                                                          Address   Size
------------------------------------------------------------------------------------------------
SPI_Write                                                                         0x0097F     27
SPI_Read                                                                          0x0099A     18
RF_Command                                                                        0x009AC      5
RF_Write_Add                                                                      0x009B7     10
RF_Write_Add_RX_2                                                                 0x009C1     11
RX_Address                                                                        0x009CC      8
RX_Address_2                                                                      0x009D4     11
Common_Config                                                                     0x009DF     37
RX_Mode                                                                           0x00A04     10
RX_Config_4                                                                       0x00A0E     37
RX_Read                                                                           0x00A33     42
clrscr                                                                            0x00A5D     10
gui_init                                                                          0x00A67     73
gui_print_time                                                                    0x00AB0    107
gui_colon_blink                                                                   0x00B1B     26
gui_set_choice                                                                    0x00B35     41
exe_main_menu                                                                     0x00B5E     27
gui_cursor_move                                                                   0x00B79     26
gui_main_menu                                                                     0x00B93     55
gui_set_title                                                                     0x00BCA     76
gui_gprs_read                                                                     0x00C16     12
node_info_examine                                                                 0x00C22     48
usart1_rx_isr                                                                     0x00C52     75
usart1_tx_isr                                                                     0x00C9D     37
putchar1                                                                          0x00CC2     44
put_string                                                                        0x00CEE     20
put_command                                                                       0x00D02     58
wait_until                                                                        0x00D3C     67
read_command                                                                      0x00D7F     61
clear_buffer                                                                      0x00DBC     14
init_sms                                                                          0x00DE5     32
sms_read                                                                          0x00E05    157
sms_send                                                                          0x00EA2     81
decrypt                                                                           0x00EF3    180
toggle_relay                                                                      0x00FA7    249
gprs_read                                                                         0x010A0     80
gprs_send                                                                         0x010F0     82
call                                                                              0x01142      4
gui_choose_relay                                                                  0x01146    107
gui_relay_setting                                                                 0x011B1     76
exe_relay                                                                         0x011FD    113
choose_multiple_week_day                                                          0x012BF     91
get_relay_status                                                                  0x0131A     36
choose_second                                                                     0x01479     56
gui_current_time                                                                  0x014B1     54
gui_current_time_set_date                                                         0x014E7     51
gui_current_time_set_time                                                         0x0151A     58
exe_current_time                                                                  0x01554     18
exe_set_date                                                                      0x01566     43
exe_set_time                                                                      0x01591     33
init_system                                                                       0x015B2     80
timer0_ovf_isr                                                                    0x01602    244
main                                                                              0x016F6     65
rtc_init                                                                          0x01737     25
rtc_get_time                                                                      0x01750     24
rtc_set_time                                                                      0x01768     13
rtc_get_date                                                                      0x01775     27
rtc_set_date                                                                      0x01790     17
pcd8544_delay_G101                                                                0x017A1      1
pcd8544_wrbus_G101                                                                0x017A2     23
pcd8544_wrcmd                                                                     0x017B9      5
pcd8544_wrdata_G101                                                               0x017BE      5
pcd8544_setaddr_G101                                                              0x017C3     23
pcd8544_gotoxy                                                                    0x017DA     13
pcd8544_rdbyte                                                                    0x017E7     14
pcd8544_wrbyte                                                                    0x017F5     10
glcd_init                                                                         0x017FF    126
glcd_display                                                                      0x0187D     11
glcd_clear                                                                        0x01888     30
glcd_putpixel                                                                     0x018A6     38
pcd8544_wrmasked_G101                                                             0x018CC     57
glcd_block                                                                        0x01905    490
glcd_clipx                                                                        0x01AEF     21
glcd_clipy                                                                        0x01B04     19
glcd_getcharw_G102                                                                0x01B17    111
glcd_new_line_G102                                                                0x01B86     20
glcd_putchar                                                                      0x01B9A    101
glcd_putcharxy                                                                    0x01BFF      9
glcd_outtextxy                                                                    0x01C08     10
glcd_outtextxyf                                                                   0x01C12     10
glcd_outtext                                                                      0x01C1C     12
glcd_outtextf                                                                     0x01C28     12
glcd_putpixelm_G102                                                               0x01C34     27
glcd_moveto                                                                       0x01C4F     13
glcd_line                                                                         0x01C5C    246
glcd_corners_G102                                                                 0x01D52     43
glcd_rectangle                                                                    0x01D7D     52
memset                                                                            0x01DB1     16
strcat                                                                            0x01DC1     17
strcpy                                                                            0x01DD2     13
strstr                                                                            0x01DDF     23
atoi                                                                              0x01DF6     55
bcd2bin                                                                           0x01E2D     13
bin2bcd                                                                           0x01E3A     10
glcd_getmask                                                                      0x01E44     11
glcd_mappixcolor1bit                                                              0x01E4F     40
glcd_readmem                                                                      0x01E77     31
glcd_writemem                                                                     0x01E96     31
isdigit                                                                           0x01EB5      9
isspace                                                                           0x01EBE     11
